Flow report for ensamblado
Sun Apr 28 20:17:28 2024
Quartus II 64-Bit Version 13.0.1 Build 232 06/12/2013 Service Pack 1 SJ Web Edition


---------------------
; Table of Contents ;
---------------------
  1. Legal Notice
  2. Flow Summary
  3. Flow Settings
  4. Flow Non-Default Global Settings
  5. Flow Elapsed Time
  6. Flow OS Summary
  7. Flow Log
  8. Flow Messages
  9. Flow Suppressed Messages



----------------
; Legal Notice ;
----------------
Copyright (C) 1991-2013 Altera Corporation
Your use of Altera Corporation's design tools, logic functions 
and other software and tools, and its AMPP partner logic 
functions, and any output files from any of the foregoing 
(including device programming or simulation files), and any 
associated documentation or information are expressly subject 
to the terms and conditions of the Altera Program License 
Subscription Agreement, Altera MegaCore Function License 
Agreement, or other applicable license agreement, including, 
without limitation, that your use is for the sole purpose of 
programming logic devices manufactured by Altera and sold by 
Altera or its authorized distributors.  Please refer to the 
applicable agreement for further details.



+--------------------------------------------------------------------------------------+
; Flow Summary                                                                         ;
+------------------------------------+-------------------------------------------------+
; Flow Status                        ; Successful - Sun Apr 28 20:17:28 2024           ;
; Quartus II 64-Bit Version          ; 13.0.1 Build 232 06/12/2013 SP 1 SJ Web Edition ;
; Revision Name                      ; ensamblado                                      ;
; Top-level Entity Name              ; ensamblado                                      ;
; Family                             ; Cyclone IV GX                                   ;
; Device                             ; EP4CGX30CF23C6                                  ;
; Timing Models                      ; Final                                           ;
; Total logic elements               ; N/A until Partition Merge                       ;
;     Total combinational functions  ; N/A until Partition Merge                       ;
;     Dedicated logic registers      ; N/A until Partition Merge                       ;
; Total registers                    ; N/A until Partition Merge                       ;
; Total pins                         ; N/A until Partition Merge                       ;
; Total virtual pins                 ; N/A until Partition Merge                       ;
; Total memory bits                  ; N/A until Partition Merge                       ;
; Embedded Multiplier 9-bit elements ; N/A until Partition Merge                       ;
; Total GXB Receiver Channel PCS     ; N/A until Partition Merge                       ;
; Total GXB Receiver Channel PMA     ; N/A until Partition Merge                       ;
; Total GXB Transmitter Channel PCS  ; N/A until Partition Merge                       ;
; Total GXB Transmitter Channel PMA  ; N/A until Partition Merge                       ;
; Total PLLs                         ; N/A until Partition Merge                       ;
+------------------------------------+-------------------------------------------------+


+-----------------------------------------+
; Flow Settings                           ;
+-------------------+---------------------+
; Option            ; Setting             ;
+-------------------+---------------------+
; Start date & time ; 04/28/2024 20:17:26 ;
; Main task         ; Compilation         ;
; Revision Name     ; ensamblado          ;
+-------------------+---------------------+


+----------------------------------------------------------------------------------------------------------------------------------------------------------------------------------------------------------------------------------------------------------+
; Flow Non-Default Global Settings                                                                                                                                                                                                                         ;
+----------------------------------------+---------------------------------------------------------------------------------------------------------------------------------------------------------------+---------------+-------------+-------------------+
; Assignment Name                        ; Value                                                                                                                                                         ; Default Value ; Entity Name ; Section Id        ;
+----------------------------------------+---------------------------------------------------------------------------------------------------------------------------------------------------------------+---------------+-------------+-------------------+
; COMPILER_SIGNATURE_ID                  ; 193775440405520.171432824615688                                                                                                                               ; --            ; --          ; --                ;
; EDA_DESIGN_INSTANCE_NAME               ; NA                                                                                                                                                            ; --            ; --          ; prueba_ensamblado ;
; EDA_NATIVELINK_SIMULATION_SETUP_SCRIPT ; ../PRUEBAS_A/formato_ventanas.do                                                                                                                              ; --            ; --          ; eda_simulation    ;
; EDA_NATIVELINK_SIMULATION_TEST_BENCH   ; prueba_ensamblado                                                                                                                                             ; --            ; --          ; eda_simulation    ;
; EDA_OUTPUT_DATA_FORMAT                 ; Vhdl                                                                                                                                                          ; --            ; --          ; eda_simulation    ;
; EDA_SIMULATION_TOOL                    ; ModelSim-Altera (VHDL)                                                                                                                                        ; <None>        ; --          ; --                ;
; EDA_TEST_BENCH_ENABLE_STATUS           ; TEST_BENCH_MODE                                                                                                                                               ; --            ; --          ; eda_simulation    ;
; EDA_TEST_BENCH_FILE                    ; ../../UTILIDADES_pkg/imprimir_traza_pkg/impri_traza_pkg.vhd                                                                                                   ; --            ; --          ; prueba_ensamblado ;
; EDA_TEST_BENCH_FILE                    ; ../../UTILIDADES_pkg/impri_CACHE_memoria_pkg/impri_cache_pkg.vhd                                                                                              ; --            ; --          ; prueba_ensamblado ;
; EDA_TEST_BENCH_FILE                    ; ../../UTILIDADES_pkg/impri_CACHE_memoria_pkg/impri_memoria_pkg.vhd                                                                                            ; --            ; --          ; prueba_ensamblado ;
; EDA_TEST_BENCH_FILE                    ; ../PRUEBAS/procedimientos_peticiones_pkg.vhd                                                                                                                  ; --            ; --          ; prueba_ensamblado ;
; EDA_TEST_BENCH_FILE                    ; ../PRUEBAS/prueba_ensamblado.vhd                                                                                                                              ; --            ; --          ; prueba_ensamblado ;
; EDA_TEST_BENCH_MODULE_NAME             ; prueba_ensamblado                                                                                                                                             ; --            ; --          ; prueba_ensamblado ;
; EDA_TEST_BENCH_NAME                    ; prueba_ensamblado                                                                                                                                             ; --            ; --          ; eda_simulation    ;
; MAX_CORE_JUNCTION_TEMP                 ; 85                                                                                                                                                            ; --            ; --          ; --                ;
; MIN_CORE_JUNCTION_TEMP                 ; 0                                                                                                                                                             ; --            ; --          ; --                ;
; NOMINAL_CORE_SUPPLY_VOLTAGE            ; 1.2V                                                                                                                                                          ; --            ; --          ; --                ;
; PARTITION_COLOR                        ; 16764057                                                                                                                                                      ; --            ; --          ; Top               ;
; PARTITION_FITTER_PRESERVATION_LEVEL    ; PLACEMENT_AND_ROUTING                                                                                                                                         ; --            ; --          ; Top               ;
; PARTITION_NETLIST_TYPE                 ; SOURCE                                                                                                                                                        ; --            ; --          ; Top               ;
; POWER_BOARD_THERMAL_MODEL              ; None (CONSERVATIVE)                                                                                                                                           ; --            ; --          ; --                ;
; POWER_PRESET_COOLING_SOLUTION          ; 23 MM HEAT SINK WITH 200 LFPM AIRFLOW                                                                                                                         ; --            ; --          ; --                ;
; PROJECT_OUTPUT_DIRECTORY               ; output_files                                                                                                                                                  ; --            ; --          ; --                ;
; SEARCH_PATH                            ; ../../../../LAB2/proyecto_1/memoria_con_interface_bus/memoria_principal/ensam_memoria/CODIGO                                                                  ; --            ; --          ; --                ;
; SEARCH_PATH                            ; ../../../../LAB2/proyecto_1/BUS/componentes/registros/CODIGO                                                                                                  ; --            ; --          ; --                ;
; SEARCH_PATH                            ; ../../../../LAB2/proyecto_1/cache_con_interface_bus/cache_con_interface_proc/cache/camino_de_datos/componentes/campo_datos/componentes/m_datos/CODIGO         ; --            ; --          ; --                ;
; SEARCH_PATH                            ; ../../../../LAB2/proyecto_1/cache_con_interface_bus/cache_con_interface_proc/cache/camino_de_datos/componentes/campo_estado/m_estado/CODIGO                   ; --            ; --          ; --                ;
; SEARCH_PATH                            ; ../../../../LAB2/proyecto_1/cache_con_interface_bus/cache_con_interface_proc/cache/camino_de_datos/componentes/campo_datos/ensamblado/CODIGO                  ; --            ; --          ; --                ;
; SEARCH_PATH                            ; ../../../../LAB2/proyecto_1/cache_con_interface_bus/cache_con_interface_proc/cache/camino_de_datos/componentes/campo_etiquetas/componentes/m_etiquetas/CODIGO ; --            ; --          ; --                ;
; SEARCH_PATH                            ; ../../../../LAB2/proyecto_1/cache_con_interface_bus/cache_con_interface_proc/cache/camino_de_datos/componentes/campo_etiquetas/ensamblado/CODIGO              ; --            ; --          ; --                ;
; SEARCH_PATH                            ; ../../../../LAB2/proyecto_1/cache_con_interface_bus/cache_con_interface_proc/cache/controlador/CODIGO                                                         ; --            ; --          ; --                ;
; SEARCH_PATH                            ; ../../../../LAB2/proyecto_1/cache_con_interface_bus/cache_con_interface_proc/cache/camino_de_datos/ensamblado/CODIGO                                          ; --            ; --          ; --                ;
; SEARCH_PATH                            ; ../../../../LAB2/proyecto_1/cache_con_interface_bus/cache_con_interface_proc/cache/componentes_interface_cache_bus/mux_dat/CODIGO                             ; --            ; --          ; --                ;
; SEARCH_PATH                            ; ../../../../LAB2/proyecto_1/cache_con_interface_bus/cache_con_interface_proc/cache/ensamblado/CODIGO                                                          ; --            ; --          ; --                ;
; SEARCH_PATH                            ; ../../../../LAB2/proyecto_1/cache_con_interface_bus/cache_con_interface_proc/interface_proc_cache/COMPONENTES/registro_pet/CODIGO                             ; --            ; --          ; --                ;
; SEARCH_PATH                            ; ../../../../LAB2/proyecto_1/cache_con_interface_bus/cache_con_interface_proc/interface_proc_cache/COMPONENTES/mux_peticion/CODIGO                             ; --            ; --          ; --                ;
; SEARCH_PATH                            ; ../../../../LAB2/proyecto_1/cache_con_interface_bus/cache_con_interface_proc/interface_proc_cache/interfaces/CODIGO                                           ; --            ; --          ; --                ;
; SEARCH_PATH                            ; ../../../../LAB2/proyecto_1/cache_con_interface_bus/cache_con_interface_proc/ensamblado_con_interface_proc/CODIGO                                             ; --            ; --          ; --                ;
; SEARCH_PATH                            ; ../../../../LAB2/proyecto_1/cache_con_interface_bus/ensamblado_cache_interfaces/CODIGO                                                                        ; --            ; --          ; --                ;
; SEARCH_PATH                            ; ../../../../LAB2/proyecto_1/BUS/interfaces/CODIGO                                                                                                             ; --            ; --          ; --                ;
; SEARCH_PATH                            ; ../../../../LAB2/proyecto_1/memoria_con_interface_bus/ensam_memo_interface/CODIGO                                                                             ; --            ; --          ; --                ;
; SEARCH_PATH                            ; ../../../../LAB2/proyecto_1/cache_con_interface/ENSAM_CACHE_INTERFACE/CODIGO                                                                                  ; --            ; --          ; --                ;
; SEARCH_PATH                            ; ../../../../LAB2/proyecto_1/BUS/COMPONENTES/INTERFACES/CODIGO                                                                                                 ; --            ; --          ; --                ;
; SEARCH_PATH                            ; ../../../../LAB2/proyecto_1/BUS/COMPONENTES/REGISTROS/CODIGO                                                                                                  ; --            ; --          ; --                ;
; SEARCH_PATH                            ; ../../../../LAB2/proyecto_1/memoria_con_interface_bus/memoria_principal/ENSAM_MEMORIA/CODIGO                                                                  ; --            ; --          ; --                ;
; SEARCH_PATH                            ; ../../../../LAB2/proyecto_1/memoria_con_interface_bus/memoria_principal/COMPONENTES/MEMORIA/CODIGO                                                            ; --            ; --          ; --                ;
; SEARCH_PATH                            ; ../../../../LAB2/proyecto_1/memoria_con_interface_bus/memoria_principal/COMPONENTES/CONTROLADOR/CODIGO                                                        ; --            ; --          ; --                ;
+----------------------------------------+---------------------------------------------------------------------------------------------------------------------------------------------------------------+---------------+-------------+-------------------+


+----------------------------------------------------------------------------------------------------------------------------+
; Flow Elapsed Time                                                                                                          ;
+------------------------+--------------+-------------------------+---------------------+------------------------------------+
; Module Name            ; Elapsed Time ; Average Processors Used ; Peak Virtual Memory ; Total CPU Time (on all processors) ;
+------------------------+--------------+-------------------------+---------------------+------------------------------------+
; Analysis & Elaboration ; 00:00:02     ; 1.0                     ; 4680 MB             ; 00:00:01                           ;
; Total                  ; 00:00:02     ; --                      ; --                  ; 00:00:01                           ;
+------------------------+--------------+-------------------------+---------------------+------------------------------------+


+-------------------------------------------------------------------------------------+
; Flow OS Summary                                                                     ;
+------------------------+------------------+-----------+------------+----------------+
; Module Name            ; Machine Hostname ; OS Name   ; OS Version ; Processor type ;
+------------------------+------------------+-----------+------------+----------------+
; Analysis & Elaboration ; kerosene         ; Windows 7 ; 6.2        ; x86_64         ;
+------------------------+------------------+-----------+------------+----------------+


------------
; Flow Log ;
------------
quartus_map --read_settings_files=on --write_settings_files=off ensamblado -c ensamblado --analysis_and_elaboration



